[dotenv@17.2.3] injecting env (16) from .env -- tip: ≡ƒöä add secrets lifecycle management: https://dotenvx.com/ops
1. Dotenv configured
2. Importing agent...
3. Agent imported successfully
4. Preparing mocked data...
5. Running analysis...

≡ƒî▒ Starting Suitability Analysis...
Project: Test Teak Plantation
Tree Type: teak
Size: 50 trees
node : Γ¥î Error 
during test: Error: 
finalRecommendation 
is already being 
used as a state 
attribute (a.k.a. a 
channel), cannot 
also be used as a 
node name.
At line:1 char:1
+ node 
--trace-warnings test
-suitability-feature.
js > test_output.txt 
2 ...
+ ~~~~~~~~~~~~~~~~~~~
~~~~~~~~~~~~~~~~~~~~~
~~~~~~~~~~~~~~~~~~~~~
~~~~~~~~
    + CategoryInfo   
           : NotSpe  
  cified: (Γ¥î Err   
 or durin...as a     
node name.:Strin    
g) [], RemoteExc    
eption
    + FullyQualified 
   ErrorId : Native  
  CommandError
 
    at 
StateGraph.addNode (f
ile:///C:/Users/rocke
/OneDrive/Desktop/Tri
voo-hackathon/backend
/node_modules/@langch
ain/langgraph/dist/gr
aph/state.js:223:36)
    at buildSuitabili
tyWorkflow (file:///C
:/Users/rocke/OneDriv
e/Desktop/Trivoo-hack
athon/backend/aiAgent
s/suitabilityAgent.js
:331:14)
    at 
analyzeSuitability (f
ile:///C:/Users/rocke
/OneDrive/Desktop/Tri
voo-hackathon/backend
/aiAgents/suitability
Agent.js:356:22)
    at runTest (file:
///C:/Users/rocke/One
Drive/Desktop/Trivoo-
hackathon/backend/tes
t-suitability-feature
.js:29:30)
Stack: Error: 
finalRecommendation 
is already being 
used as a state 
attribute (a.k.a. a 
channel), cannot 
also be used as a 
node name.
    at 
StateGraph.addNode (f
ile:///C:/Users/rocke
/OneDrive/Desktop/Tri
voo-hackathon/backend
/node_modules/@langch
ain/langgraph/dist/gr
aph/state.js:223:36)
    at buildSuitabili
tyWorkflow (file:///C
:/Users/rocke/OneDriv
e/Desktop/Trivoo-hack
athon/backend/aiAgent
s/suitabilityAgent.js
:331:14)
    at 
analyzeSuitability (f
ile:///C:/Users/rocke
/OneDrive/Desktop/Tri
voo-hackathon/backend
/aiAgents/suitability
Agent.js:356:22)
    at runTest (file:
///C:/Users/rocke/One
Drive/Desktop/Trivoo-
hackathon/backend/tes
t-suitability-feature
.js:29:30)
