ERROR: 
❌ TEST FAILED: Operation `environmentaldatas.findOne()` buffering timed out after 10000ms
ERROR: Stack: MongooseError: Operation `environmentaldatas.findOne()` buffering timed out after 10000ms
    at Timeout._onTimeout (C:\Users\rocke\OneDrive\Desktop\Trivoo-hackathon\backend\node_modules\mongoose\lib\drivers\node-mongodb-native\collection.js:131:25)
    at listOnTimeout (node:internal/timers:605:17)
    at process.processTimers (node:internal/timers:541:7)
⏳ Waiting 2 seconds before next test...


💡 TEST 2: Project Insight Analysis
📋 Node 1: Validating inputs...
✅ Input validation passed
🌍 Node 2: Analyzing environmental factors...
✅ Environmental analysis completed
   Soil compatible: true
   Drought risk: low
⚠️ Node 3: Calculating risk scores...
✅ Risk score calculated: 0/100 (low)
🤖 Node 4: Running AI analysis...
🤖 Calling Grok API...
ERROR: ❌ Grok API error: [object Object]
⚠️ grok/grok-beta failed, trying next fallback...
🔄 Falling back to Gemini (gemini-2.0-flash-exp)...
ERROR: ❌ Gemini (gemini-2.0-flash-exp) error: Cannot read properties of undefined (reading 'replace')
⚠️ gemini/gemini-2.0-flash-exp failed, trying next fallback...
🔄 Falling back to Gemini (gemini-1.5-pro)...
ERROR: ❌ Gemini (gemini-1.5-pro) error: Cannot read properties of undefined (reading 'replace')
⚠️ gemini/gemini-1.5-pro failed, trying next fallback...
🔄 Falling back to Gemini (gemini-1.5-flash)...
ERROR: ❌ Gemini (gemini-1.5-flash) error: Cannot read properties of undefined (reading 'replace')
⚠️ gemini/gemini-1.5-flash failed, trying next fallback...
ERROR: ❌ LLM Error: Error: All AI models failed. Last error: Cannot read properties of undefined (reading 'replace')
❌ LLM failed, ending workflow
ERROR: 
❌ ═══════════════════════════════════════════════════
ERROR: ❌ Analysis Failed!
ERROR: ❌ ═══════════════════════════════════════════════════
ERROR: Error: Workflow errors: LLM reasoning error: All AI models failed. Last error: Cannot read properties of undefined (reading 'replace')

ERROR: 
❌ TEST FAILED: Workflow errors: LLM reasoning error: All AI models failed. Last error: Cannot read properties of undefined (reading 'replace')
ERROR: Stack: Error: Workflow errors: LLM reasoning error: All AI models failed. Last error: Cannot read properties of undefined (reading 'replace')
    at analyzeSuitability (file:///C:/Users/rocke/OneDrive/Desktop/Trivoo-hackathon/backend/aiAgents/suitabilityAgentGrok.js:460:19)
    at async testSuitabilityAnalysis (file:///C:/Users/rocke/OneDrive/Desktop/Trivoo-hackathon/backend/test-grok-agents.js:57:24)
    at async runAllTests (file:///C:/Users/rocke/OneDrive/Desktop/Trivoo-hackathon/backend/test-grok-agents.js:151:27)
⏳ Waiting 2 seconds before next test...


💡 TEST 2: Project Insight Analysis
